------------------------------------------------------------
TimeQuest Timing Analyzer Summary
------------------------------------------------------------

Type  : Slow 1200mV 85C Model Setup 'clock'
Slack : -0.388
TNS   : -2.047

Type  : Slow 1200mV 85C Model Hold 'clock'
Slack : 0.359
TNS   : 0.000

Type  : Slow 1200mV 85C Model Recovery 'clock'
Slack : -0.699
TNS   : -2.796

Type  : Slow 1200mV 85C Model Removal 'clock'
Slack : 1.225
TNS   : 0.000

Type  : Slow 1200mV 85C Model Minimum Pulse Width 'clock'
Slack : -3.000
TNS   : -14.000

Type  : Slow 1200mV 0C Model Setup 'clock'
Slack : -0.249
TNS   : -0.826

Type  : Slow 1200mV 0C Model Hold 'clock'
Slack : 0.312
TNS   : 0.000

Type  : Slow 1200mV 0C Model Recovery 'clock'
Slack : -0.529
TNS   : -2.116

Type  : Slow 1200mV 0C Model Removal 'clock'
Slack : 1.099
TNS   : 0.000

Type  : Slow 1200mV 0C Model Minimum Pulse Width 'clock'
Slack : -3.000
TNS   : -14.000

Type  : Fast 1200mV 0C Model Setup 'clock'
Slack : 0.231
TNS   : 0.000

Type  : Fast 1200mV 0C Model Hold 'clock'
Slack : 0.188
TNS   : 0.000

Type  : Fast 1200mV 0C Model Recovery 'clock'
Slack : 0.054
TNS   : 0.000

Type  : Fast 1200mV 0C Model Removal 'clock'
Slack : 0.679
TNS   : 0.000

Type  : Fast 1200mV 0C Model Minimum Pulse Width 'clock'
Slack : -3.000
TNS   : -14.616

------------------------------------------------------------
